=== Mon Sep 14 00:44:33 CEST 2026 RANS_ForceAnalysis.py
reference SA: steps 2..799 (798)
   CL   0.676257 -> 0.676257  std 1.32e-09
   CD   0.010229 -> 0.010229  std 9.18e-10
   CDp  0.003559 -> 0.003559  std 4.34e-19
   CDv  0.006671 -> 0.006671  std 1.73e-18
   CMz  0.000671 -> 0.000671  std 3.90e-10
reference SST: steps 2..799 (798)
   CL   0.675605 -> 0.675603  std 3.75e-07
   CD   0.009858 -> 0.009858  std 2.39e-08
   CDp  0.003469 -> 0.003469  std 0.00e+00
   CDv  0.006389 -> 0.006389  std 1.73e-18
   CMz  0.000382 -> 0.000382  std 3.83e-08

=== RANS_SA_WD_0.01-20_ConsGalerkinProj_Drift_Second ===
         ref mean      offset     scatter    max|dev|   trend/100it       +/- resolved   %/100it
CL        0.67626   7.232e-05   2.098e-04   8.266e-04    -6.742e-05  8.53e-06      YES   -0.0100  lag1 0.94 se_ar1 4.8e-05 no
CD        0.01023   5.923e-05   2.544e-05   1.269e-04    -1.252e-06  1.11e-06       no   -0.0122  lag1 0.93 se_ar1 5.8e-06 no
CDp       0.00356   5.684e-05   2.556e-05   1.250e-04    -1.345e-06  1.12e-06       no   -0.0378  lag1 0.93 se_ar1 5.9e-06 no
CDv       0.00667   1.754e-06   1.418e-06   6.000e-06     6.331e-08  6.19e-08       no    0.0009  lag1 0.97 se_ar1 5.0e-07 no
CMz       0.00067   2.747e-05   9.099e-05   3.358e-04    -1.892e-05  3.86e-06      YES   -2.8196  lag1 0.92 se_ar1 1.9e-05 no

=== RANS_SA_WD_0.01-20_ConsGalerkinProj_Drift_Seed2_Second ===
         ref mean      offset     scatter    max|dev|   trend/100it       +/- resolved   %/100it
CL        0.67626  -3.523e-05   2.148e-04   6.303e-04    -2.051e-05  9.34e-06      YES   -0.0030  lag1 0.94 se_ar1 5.3e-05 no
CD        0.01023   5.580e-05   2.397e-05   1.200e-04     3.983e-06  1.03e-06      YES    0.0389  lag1 0.92 se_ar1 5.0e-06 no
CDp       0.00356   5.430e-05   2.381e-05   1.170e-04     4.274e-06  1.02e-06      YES    0.1201  lag1 0.92 se_ar1 4.9e-06 no
CDv       0.00667   8.317e-07   2.563e-06   1.300e-05    -3.362e-07  1.11e-07      YES   -0.0050  lag1 0.99 se_ar1 1.3e-06 no
CMz       0.00067   9.099e-06   9.410e-05   2.779e-04    -2.344e-06  4.11e-06       no   -0.3494  lag1 0.92 se_ar1 2.0e-05 no

=== RANS_SA_WD_0.01-20_NN_Drift_Second ===
         ref mean      offset     scatter    max|dev|   trend/100it       +/- resolved   %/100it
CL        0.67626   5.929e-05   2.111e-04   7.782e-04    -6.585e-05  8.62e-06      YES   -0.0097  lag1 0.94 se_ar1 5.0e-05 no
CD        0.01023   5.819e-05   2.587e-05   1.241e-04    -6.967e-07  1.13e-06       no   -0.0068  lag1 0.93 se_ar1 6.2e-06 no
CDp       0.00356   5.591e-05   2.591e-05   1.220e-04    -7.605e-07  1.13e-06       no   -0.0214  lag1 0.94 se_ar1 6.2e-06 no
CDv       0.00667   1.646e-06   1.424e-06   6.000e-06     2.040e-08  6.23e-08       no    0.0003  lag1 0.97 se_ar1 5.0e-07 no
CMz       0.00067   2.489e-05   9.139e-05   3.258e-04    -1.807e-05  3.89e-06      YES   -2.6933  lag1 0.92 se_ar1 1.9e-05 no

=== RANS_SA_WD_0.01-20_NN_Drift_Seed2_Second ===
         ref mean      offset     scatter    max|dev|   trend/100it       +/- resolved   %/100it
CL        0.67626  -2.451e-05   2.117e-04   6.536e-04    -1.511e-05  9.23e-06       no   -0.0022  lag1 0.94 se_ar1 5.3e-05 no
CD        0.01023   5.621e-05   2.331e-05   1.167e-04     3.790e-06  1.00e-06      YES    0.0371  lag1 0.92 se_ar1 4.8e-06 no
CDp       0.00356   5.461e-05   2.321e-05   1.160e-04     4.190e-06  9.93e-07      YES    0.1177  lag1 0.92 se_ar1 4.7e-06 no
CDv       0.00667   9.271e-07   2.869e-06   1.400e-05    -4.292e-07  1.24e-07      YES   -0.0064  lag1 0.99 se_ar1 1.6e-06 no
CMz       0.00067   1.183e-05   9.401e-05   2.734e-04     4.530e-08  4.11e-06       no    0.0068  lag1 0.92 se_ar1 2.0e-05 no
wrote Figures/RANS/RANS_SA_ForceDeviation.png

=== SA: one transfer, onset lags (steps after the event) ===
acoustic prediction lag = 2.88 * d steps (non-dim step 0.347224)

  CL:
                                                  case     d     floor      leak      peak pk lag  win    1%    5%   10%   25%   50%
  RANS_SA_WD_0.05-0.10_ConsGalerkinProj_OneShot_Second  0.05   0.0e+00   2.3e-05  9.85e-05    199  199     0     0     0     1     1 CENSORED
  RANS_SA_WD_0.10-0.15_ConsGalerkinProj_OneShot_SF2_Second  0.10   0.0e+00   4.3e-05  1.28e-04    199  199     0     0     0     0     1 CENSORED
  RANS_SA_WD_0.10-0.15_ConsGalerkinProj_OneShot_Second  0.10   0.0e+00   2.0e-05  6.65e-05    199  199     0     0     0     0     1 CENSORED
  RANS_SA_WD_0.20-0.25_ConsGalerkinProj_OneShot_Second  0.20   0.0e+00   3.1e-06  5.01e-05    199  199     0     0     1     2     4 CENSORED
  RANS_SA_WD_0.20-0.25_ConsGalerkinProj_OneShot_Long_Second  0.20   0.0e+00   1.1e-05  2.58e-05    399  399     0     0     0     0     1 CENSORED

  CDp:
                                                  case     d     floor      leak      peak pk lag  win    1%    5%   10%   25%   50%
  RANS_SA_WD_0.05-0.10_ConsGalerkinProj_OneShot_Second  0.05   0.0e+00   1.0e-06  9.00e-06      3  199     0     0     0     1     1 rounding
  RANS_SA_WD_0.10-0.15_ConsGalerkinProj_OneShot_SF2_Second  0.10   0.0e+00   2.0e-06  1.10e-05      2  199     0     0     0     1     1 rounding
  RANS_SA_WD_0.10-0.15_ConsGalerkinProj_OneShot_Second  0.10   0.0e+00   2.0e-06  5.00e-06      2  199     0     0     0     0     1 rounding
  RANS_SA_WD_0.20-0.25_ConsGalerkinProj_OneShot_Second  0.20   0.0e+00   2.0e-06  4.00e-06      4  199     0     0     0     0     0 rounding
  RANS_SA_WD_0.20-0.25_ConsGalerkinProj_OneShot_Long_Second  0.20   0.0e+00   2.0e-06  3.00e-06      1  399     0     0     0     0     0 rounding

  CDv:
                                                  case     d     floor      leak      peak pk lag  win    1%    5%   10%   25%   50%
  RANS_SA_WD_0.05-0.10_ConsGalerkinProj_OneShot_Second  0.05   0.0e+00   0.0e+00  0.00e+00      0  199     -     -     -     -     - rounding
  RANS_SA_WD_0.10-0.15_ConsGalerkinProj_OneShot_SF2_Second  0.10   0.0e+00   0.0e+00  0.00e+00      0  199     -     -     -     -     - rounding
  RANS_SA_WD_0.10-0.15_ConsGalerkinProj_OneShot_Second  0.10   0.0e+00   0.0e+00  0.00e+00      0  199     -     -     -     -     - rounding
  RANS_SA_WD_0.20-0.25_ConsGalerkinProj_OneShot_Second  0.20   0.0e+00   0.0e+00  0.00e+00      0  199     -     -     -     -     - rounding
  RANS_SA_WD_0.20-0.25_ConsGalerkinProj_OneShot_Long_Second  0.20   0.0e+00   0.0e+00  1.00e-06    169  399   169   169   169   169   169 rounding

  CD:
                                                  case     d     floor      leak      peak pk lag  win    1%    5%   10%   25%   50%
  RANS_SA_WD_0.05-0.10_ConsGalerkinProj_OneShot_Second  0.05   0.0e+00   4.9e-07  9.28e-06      4  199     0     0     1     1     1
  RANS_SA_WD_0.10-0.15_ConsGalerkinProj_OneShot_SF2_Second  0.10   0.0e+00   2.7e-06  1.17e-05      2  199     0     0     0     1     1
  RANS_SA_WD_0.10-0.15_ConsGalerkinProj_OneShot_Second  0.10   0.0e+00   2.2e-06  5.54e-06      2  199     0     0     0     0     1
  RANS_SA_WD_0.20-0.25_ConsGalerkinProj_OneShot_Second  0.20   0.0e+00   1.3e-06  3.85e-06      6  199     0     0     0     0     1
  RANS_SA_WD_0.20-0.25_ConsGalerkinProj_OneShot_Long_Second  0.20   0.0e+00   1.9e-06  2.63e-06      1  399     0     0     0     0     0

  CMz:
                                                  case     d     floor      leak      peak pk lag  win    1%    5%   10%   25%   50%
  RANS_SA_WD_0.05-0.10_ConsGalerkinProj_OneShot_Second  0.05   0.0e+00   1.0e-05  2.61e-05      3  199     0     0     0     0     1
  RANS_SA_WD_0.10-0.15_ConsGalerkinProj_OneShot_SF2_Second  0.10   0.0e+00   1.4e-05  3.08e-05      2  199     0     0     0     0     1
  RANS_SA_WD_0.10-0.15_ConsGalerkinProj_OneShot_Second  0.10   0.0e+00   5.3e-06  1.25e-05      2  199     0     0     0     0     1
  RANS_SA_WD_0.20-0.25_ConsGalerkinProj_OneShot_Second  0.20   0.0e+00   1.3e-06  6.98e-06      4  199     0     0     0     2     3
  RANS_SA_WD_0.20-0.25_ConsGalerkinProj_OneShot_Long_Second  0.20   0.0e+00   1.6e-06  3.20e-06      2  399     0     0     0     0     0

  scaling fit lag = C*d + b over 3 event@200 cases (prediction C=3):
   CL     1%  C=      0  b=   0.0  R2=nan  C/pred=0.00
   CL     5%  C=      0  b=   0.0  R2=nan  C/pred=0.00
   CL    10%  C=      7  b=  -0.5  R2=0.8929  C/pred=2.48
   CL    25%  C=      9  b=  -0.0  R2=0.4286  C/pred=2.98
   CL    50%  C=     21  b=  -0.5  R2=0.8929  C/pred=7.44
   CDp    1%  C=      0  b=   0.0  R2=nan  C/pred=0.00
   CDp    5%  C=      0  b=   0.0  R2=nan  C/pred=0.00
   CDp   10%  C=      0  b=   0.0  R2=nan  C/pred=0.00
   CDp   25%  C=     -6  b=   1.0  R2=0.5714  C/pred=-1.98
   CDp   50%  C=     -7  b=   1.5  R2=0.8929  C/pred=-2.48
wrote Figures/RANS/RANS_SA_AcousticDelay_CL.png
wrote Figures/RANS/RANS_SA_OneShot_DragSplit.png

=== RANS_SST_WD_0.01-20_ConsGalerkinProj_Drift_Second ===
         ref mean      offset     scatter    max|dev|   trend/100it       +/- resolved   %/100it
CL        0.67560  -9.986e-05   2.423e-04   8.247e-04    -7.922e-05  9.82e-06      YES   -0.0117  lag1 0.94 se_ar1 5.4e-05 no
CD        0.00986   6.000e-05   2.992e-05   1.369e-04     1.864e-06  1.31e-06       no    0.0189  lag1 0.93 se_ar1 6.8e-06 no
CDp       0.00347   5.997e-05   2.987e-05   1.360e-04     1.809e-06  1.30e-06       no    0.0521  lag1 0.93 se_ar1 6.8e-06 no
CDv       0.00639   4.221e-07   1.231e-06   3.000e-06     1.247e-07  5.35e-08      YES    0.0020  lag1 0.96 se_ar1 3.8e-07 no (at breakdown rounding)
CMz       0.00038  -4.037e-06   1.050e-04   3.285e-04    -1.779e-05  4.50e-06      YES   -4.6587  lag1 0.92 se_ar1 2.2e-05 no

=== RANS_SST_WD_0.01-20_ConsGalerkinProj_Drift_Seed2_Second ===
         ref mean      offset     scatter    max|dev|   trend/100it       +/- resolved   %/100it
CL        0.67560  -2.035e-04   2.748e-04   1.010e-03    -7.879e-05  1.13e-05      YES   -0.0117  lag1 0.94 se_ar1 6.4e-05 no
CD        0.00986   5.845e-05   3.072e-05   1.288e-04     3.075e-06  1.33e-06      YES    0.0312  lag1 0.93 se_ar1 6.9e-06 no
CDp       0.00347   5.858e-05   3.086e-05   1.290e-04     2.916e-06  1.34e-06      YES    0.0841  lag1 0.93 se_ar1 6.9e-06 no
CDv       0.00639   3.040e-07   2.697e-06   1.400e-05     1.862e-07  1.18e-07       no    0.0029  lag1 0.98 se_ar1 1.1e-06 no
CMz       0.00038  -2.311e-05   1.153e-04   3.458e-04    -1.512e-05  4.99e-06      YES   -3.9598  lag1 0.92 se_ar1 2.5e-05 no

=== RANS_SST_WD_0.01-20_NN_Drift_Second ===
         ref mean      offset     scatter    max|dev|   trend/100it       +/- resolved   %/100it
CL        0.67560  -9.703e-05   2.456e-04   8.222e-04    -7.924e-05  9.98e-06      YES   -0.0117  lag1 0.94 se_ar1 5.5e-05 no
CD        0.00986   6.069e-05   3.041e-05   1.375e-04     1.730e-06  1.33e-06       no    0.0176  lag1 0.93 se_ar1 6.8e-06 no
CDp       0.00347   6.054e-05   3.042e-05   1.370e-04     1.667e-06  1.33e-06       no    0.0480  lag1 0.93 se_ar1 6.9e-06 no
CDv       0.00639   5.628e-07   1.311e-06   4.000e-06     5.680e-08  5.73e-08       no    0.0009  lag1 0.96 se_ar1 4.1e-07 no (at breakdown rounding)
CMz       0.00038  -1.994e-06   1.067e-04   3.230e-04    -1.711e-05  4.59e-06      YES   -4.4789  lag1 0.92 se_ar1 2.2e-05 no

=== RANS_SST_WD_0.01-20_NN_Drift_Seed2_Second ===
         ref mean      offset     scatter    max|dev|   trend/100it       +/- resolved   %/100it
CL        0.67560  -1.963e-04   2.530e-04   9.459e-04    -5.603e-05  1.07e-05      YES   -0.0083  lag1 0.94 se_ar1 5.9e-05 no
CD        0.00986   5.937e-05   2.990e-05   1.311e-04     4.743e-06  1.29e-06      YES    0.0481  lag1 0.93 se_ar1 6.8e-06 no
CDp       0.00347   6.007e-05   2.976e-05   1.300e-04     5.068e-06  1.28e-06      YES    0.1461  lag1 0.93 se_ar1 6.6e-06 no
CDv       0.00639  -3.116e-07   2.026e-06   8.000e-06    -2.996e-07  8.73e-08      YES   -0.0047  lag1 0.98 se_ar1 8.4e-07 no
CMz       0.00038  -1.881e-05   1.086e-04   3.446e-04    -7.450e-06  4.74e-06       no   -1.9505  lag1 0.92 se_ar1 2.3e-05 no
wrote Figures/RANS/RANS_SST_ForceDeviation.png

=== SST: one transfer, onset lags (steps after the event) ===
acoustic prediction lag = 2.88 * d steps (non-dim step 0.347224)

  CL:
                                                  case     d     floor      leak      peak pk lag  win    1%    5%   10%   25%   50%
  RANS_SST_WD_0.05-0.10_ConsGalerkinProj_OneShot_Second  0.05   0.0e+00   2.4e-05  1.16e-04    199  199     0     0     0     1     1 CENSORED
  RANS_SST_WD_0.10-0.15_ConsGalerkinProj_OneShot_SF2_Second  0.10   0.0e+00   4.1e-05  1.23e-04    199  199     0     0     0     0     1 CENSORED
  RANS_SST_WD_0.10-0.15_ConsGalerkinProj_OneShot_Second  0.10   0.0e+00   2.0e-05  6.92e-05    199  199     0     0     0     0     2 CENSORED
  RANS_SST_WD_0.20-0.25_ConsGalerkinProj_OneShot_Second  0.20   0.0e+00   3.3e-06  4.75e-05    199  199     0     0     1     2     4 CENSORED
  RANS_SST_WD_0.20-0.25_ConsGalerkinProj_OneShot_Long_Second  0.20   0.0e+00   9.9e-06  2.20e-05      8  399     0     0     0     0     1

  CDp:
                                                  case     d     floor      leak      peak pk lag  win    1%    5%   10%   25%   50%
  RANS_SST_WD_0.05-0.10_ConsGalerkinProj_OneShot_Second  0.05   0.0e+00   0.0e+00  1.00e-05      3  199     1     1     1     1     1 rounding
  RANS_SST_WD_0.10-0.15_ConsGalerkinProj_OneShot_SF2_Second  0.10   0.0e+00   3.0e-06  1.10e-05      2  199     0     0     0     0     1 rounding
  RANS_SST_WD_0.10-0.15_ConsGalerkinProj_OneShot_Second  0.10   0.0e+00   3.0e-06  6.00e-06      2  199     0     0     0     0     0 rounding
  RANS_SST_WD_0.20-0.25_ConsGalerkinProj_OneShot_Second  0.20   0.0e+00   1.0e-06  3.00e-06      5  199     0     0     0     0     1 rounding
  RANS_SST_WD_0.20-0.25_ConsGalerkinProj_OneShot_Long_Second  0.20   0.0e+00   1.0e-06  2.00e-06      1  399     0     0     0     0     1 rounding

  CDv:
                                                  case     d     floor      leak      peak pk lag  win    1%    5%   10%   25%   50%
  RANS_SST_WD_0.05-0.10_ConsGalerkinProj_OneShot_Second  0.05   0.0e+00   0.0e+00  0.00e+00      0  199     -     -     -     -     - rounding
  RANS_SST_WD_0.10-0.15_ConsGalerkinProj_OneShot_SF2_Second  0.10   0.0e+00   0.0e+00  0.00e+00      0  199     -     -     -     -     - rounding
  RANS_SST_WD_0.10-0.15_ConsGalerkinProj_OneShot_Second  0.10   0.0e+00   0.0e+00  0.00e+00      0  199     -     -     -     -     - rounding
  RANS_SST_WD_0.20-0.25_ConsGalerkinProj_OneShot_Second  0.20   0.0e+00   0.0e+00  0.00e+00      0  199     -     -     -     -     - rounding
  RANS_SST_WD_0.20-0.25_ConsGalerkinProj_OneShot_Long_Second  0.20   0.0e+00   0.0e+00  0.00e+00      0  399     -     -     -     -     - rounding

  CD:
                                                  case     d     floor      leak      peak pk lag  win    1%    5%   10%   25%   50%
  RANS_SST_WD_0.05-0.10_ConsGalerkinProj_OneShot_Second  0.05   0.0e+00   1.7e-07  9.96e-06      4  199     0     1     1     1     1
  RANS_SST_WD_0.10-0.15_ConsGalerkinProj_OneShot_SF2_Second  0.10   0.0e+00   2.5e-06  1.13e-05      2  199     0     0     0     1     1
  RANS_SST_WD_0.10-0.15_ConsGalerkinProj_OneShot_Second  0.10   0.0e+00   2.3e-06  5.61e-06      2  199     0     0     0     0     1
  RANS_SST_WD_0.20-0.25_ConsGalerkinProj_OneShot_Second  0.20   0.0e+00   1.3e-06  3.29e-06      6  199     0     0     0     0     1
  RANS_SST_WD_0.20-0.25_ConsGalerkinProj_OneShot_Long_Second  0.20   0.0e+00   1.7e-06  2.29e-06      1  399     0     0     0     0     0

  CMz:
                                                  case     d     floor      leak      peak pk lag  win    1%    5%   10%   25%   50%
  RANS_SST_WD_0.05-0.10_ConsGalerkinProj_OneShot_Second  0.05   0.0e+00   1.1e-05  2.76e-05      3  199     0     0     0     0     1
  RANS_SST_WD_0.10-0.15_ConsGalerkinProj_OneShot_SF2_Second  0.10   0.0e+00   1.3e-05  2.94e-05      2  199     0     0     0     0     1
  RANS_SST_WD_0.10-0.15_ConsGalerkinProj_OneShot_Second  0.10   0.0e+00   5.4e-06  1.28e-05      2  199     0     0     0     0     1
  RANS_SST_WD_0.20-0.25_ConsGalerkinProj_OneShot_Second  0.20   0.0e+00   1.2e-06  6.43e-06      4  199     0     0     0     2     3
  RANS_SST_WD_0.20-0.25_ConsGalerkinProj_OneShot_Long_Second  0.20   0.0e+00   1.4e-06  2.29e-06      1  399     0     0     0     0     0

  scaling fit lag = C*d + b over 3 event@200 cases (prediction C=3):
   CL     1%  C=      0  b=   0.0  R2=nan  C/pred=0.00
   CL     5%  C=      0  b=   0.0  R2=nan  C/pred=0.00
   CL    10%  C=      7  b=  -0.5  R2=0.8929  C/pred=2.48
   CL    25%  C=      9  b=  -0.0  R2=0.4286  C/pred=2.98
   CL    50%  C=     20  b=  -0.0  R2=1.0000  C/pred=6.94
   CDp    1%  C=     -6  b=   1.0  R2=0.5714  C/pred=-1.98
   CDp    5%  C=     -6  b=   1.0  R2=0.5714  C/pred=-1.98
   CDp   10%  C=     -6  b=   1.0  R2=0.5714  C/pred=-1.98
   CDp   25%  C=     -6  b=   1.0  R2=0.5714  C/pred=-1.98
   CDp   50%  C=      1  b=   0.5  R2=0.0357  C/pred=0.50
wrote Figures/RANS/RANS_SST_AcousticDelay_CL.png
wrote Figures/RANS/RANS_SST_OneShot_DragSplit.png
wrote RANS_PostProcessing/rans_drift_trends.csv
wrote RANS_PostProcessing/rans_drift_series.csv
wrote RANS_PostProcessing/rans_oneshot_lags.csv
wrote RANS_PostProcessing/rans_oneshot_fit.csv
wrote RANS_PostProcessing/rans_oneshot_series.csv
=== Mon Sep 14 00:45:13 CEST 2026 RANS_SurfaceAnalysis.py
RANS_SA_WD_0.01-20_ConsGalerkinProj_Drift_Second ...
   478 steps; last: RMS dCf 5.621e-06 max 2.160e-05 at x=0.9086; RMS dCp 1.492e-03 max 8.617e-03; min Cf ref -2.7840e-03 @x=0.0014, case -2.7812e-03 @x=0.0014
wrote Figures/RANS/RANS_SA_WD_0.01-20_ConsGalerkinProj_Drift_Second_Cf_Cp.png
RANS_SA_WD_0.01-20_ConsGalerkinProj_Drift_Seed2_Second ...
   478 steps; last: RMS dCf 7.648e-06 max 3.876e-05 at x=0.1646; RMS dCp 1.833e-03 max 9.374e-03; min Cf ref -2.7840e-03 @x=0.0014, case -2.7808e-03 @x=0.0014
wrote Figures/RANS/RANS_SA_WD_0.01-20_ConsGalerkinProj_Drift_Seed2_Second_Cf_Cp.png
RANS_SA_WD_0.01-20_NN_Drift_Second ...
   478 steps; last: RMS dCf 5.748e-06 max 2.149e-05 at x=0.8919; RMS dCp 1.544e-03 max 8.971e-03; min Cf ref -2.7840e-03 @x=0.0014, case -2.7812e-03 @x=0.0014
wrote Figures/RANS/RANS_SA_WD_0.01-20_NN_Drift_Second_Cf_Cp.png
RANS_SA_WD_0.01-20_NN_Drift_Seed2_Second ...
   478 steps; last: RMS dCf 7.638e-06 max 4.078e-05 at x=0.3062; RMS dCp 1.873e-03 max 1.065e-02; min Cf ref -2.7840e-03 @x=0.0014, case -2.7809e-03 @x=0.0014
wrote Figures/RANS/RANS_SA_WD_0.01-20_NN_Drift_Seed2_Second_Cf_Cp.png
RANS_SA_WD_0.05-0.10_ConsGalerkinProj_OneShot_Second ...
   402 steps; last: RMS dCf 7.909e-07 max 2.483e-06 at x=0.0099; RMS dCp 1.573e-04 max 5.744e-04; min Cf ref -2.7840e-03 @x=0.0014, case -2.7827e-03 @x=0.0014
wrote Figures/RANS/RANS_SA_WD_0.05-0.10_ConsGalerkinProj_OneShot_Second_Cf_Cp.png
RANS_SA_WD_0.10-0.15_ConsGalerkinProj_OneShot_SF2_Second ...
   402 steps; last: RMS dCf 7.600e-07 max 5.105e-06 at x=0.0087; RMS dCp 3.656e-04 max 9.356e-04; min Cf ref -2.7840e-03 @x=0.0014, case -2.7857e-03 @x=0.0014
wrote Figures/RANS/RANS_SA_WD_0.10-0.15_ConsGalerkinProj_OneShot_SF2_Second_Cf_Cp.png
RANS_SA_WD_0.10-0.15_ConsGalerkinProj_OneShot_Second ...
   402 steps; last: RMS dCf 3.005e-07 max 1.049e-06 at x=0.0087; RMS dCp 1.567e-04 max 4.005e-04; min Cf ref -2.7840e-03 @x=0.0014, case -2.7847e-03 @x=0.0014
wrote Figures/RANS/RANS_SA_WD_0.10-0.15_ConsGalerkinProj_OneShot_Second_Cf_Cp.png
RANS_SA_WD_0.20-0.25_ConsGalerkinProj_OneShot_Long_Second ...
   802 steps; last: RMS dCf 5.700e-07 max 1.585e-06 at x=0.0048; RMS dCp 1.177e-04 max 3.304e-04; min Cf ref -2.7840e-03 @x=0.0014, case -2.7837e-03 @x=0.0014
wrote Figures/RANS/RANS_SA_WD_0.20-0.25_ConsGalerkinProj_OneShot_Long_Second_Cf_Cp.png
RANS_SA_WD_0.20-0.25_ConsGalerkinProj_OneShot_Second ...
   402 steps; last: RMS dCf 4.688e-07 max 1.579e-06 at x=0.0048; RMS dCp 1.315e-04 max 3.695e-04; min Cf ref -2.7840e-03 @x=0.0014, case -2.7838e-03 @x=0.0014
wrote Figures/RANS/RANS_SA_WD_0.20-0.25_ConsGalerkinProj_OneShot_Second_Cf_Cp.png
RANS_SST_WD_0.01-20_ConsGalerkinProj_Drift_Second ...
   478 steps; last: RMS dCf 7.046e-06 max 2.379e-05 at x=0.4925; RMS dCp 1.519e-03 max 7.863e-03; min Cf ref -2.7153e-03 @x=0.0014, case -2.7122e-03 @x=0.0014
wrote Figures/RANS/RANS_SST_WD_0.01-20_ConsGalerkinProj_Drift_Second_Cf_Cp.png
RANS_SST_WD_0.01-20_ConsGalerkinProj_Drift_Seed2_Second ...
   478 steps; last: RMS dCf 9.689e-06 max 5.716e-05 at x=0.3062; RMS dCp 2.074e-03 max 1.214e-02; min Cf ref -2.7153e-03 @x=0.0014, case -2.7112e-03 @x=0.0014
wrote Figures/RANS/RANS_SST_WD_0.01-20_ConsGalerkinProj_Drift_Seed2_Second_Cf_Cp.png
RANS_SST_WD_0.01-20_NN_Drift_Second ...
   478 steps; last: RMS dCf 7.002e-06 max 2.346e-05 at x=0.5121; RMS dCp 1.510e-03 max 7.654e-03; min Cf ref -2.7153e-03 @x=0.0014, case -2.7123e-03 @x=0.0014
wrote Figures/RANS/RANS_SST_WD_0.01-20_NN_Drift_Second_Cf_Cp.png
RANS_SST_WD_0.01-20_NN_Drift_Seed2_Second ...
   478 steps; last: RMS dCf 9.749e-06 max 5.736e-05 at x=0.3062; RMS dCp 2.166e-03 max 1.269e-02; min Cf ref -2.7153e-03 @x=0.0014, case -2.7114e-03 @x=0.0014
wrote Figures/RANS/RANS_SST_WD_0.01-20_NN_Drift_Seed2_Second_Cf_Cp.png
RANS_SST_WD_0.05-0.10_ConsGalerkinProj_OneShot_Second ...
   402 steps; last: RMS dCf 7.098e-07 max 2.486e-06 at x=0.0099; RMS dCp 1.639e-04 max 5.828e-04; min Cf ref -2.7153e-03 @x=0.0014, case -2.7141e-03 @x=0.0014
wrote Figures/RANS/RANS_SST_WD_0.05-0.10_ConsGalerkinProj_OneShot_Second_Cf_Cp.png
RANS_SST_WD_0.10-0.15_ConsGalerkinProj_OneShot_SF2_Second ...
   402 steps; last: RMS dCf 7.733e-07 max 5.181e-06 at x=0.0087; RMS dCp 3.612e-04 max 9.255e-04; min Cf ref -2.7153e-03 @x=0.0014, case -2.7168e-03 @x=0.0014
wrote Figures/RANS/RANS_SST_WD_0.10-0.15_ConsGalerkinProj_OneShot_SF2_Second_Cf_Cp.png
RANS_SST_WD_0.10-0.15_ConsGalerkinProj_OneShot_Second ...
   402 steps; last: RMS dCf 2.836e-07 max 1.089e-06 at x=0.0087; RMS dCp 1.586e-04 max 4.051e-04; min Cf ref -2.7153e-03 @x=0.0014, case -2.7159e-03 @x=0.0014
wrote Figures/RANS/RANS_SST_WD_0.10-0.15_ConsGalerkinProj_OneShot_Second_Cf_Cp.png
RANS_SST_WD_0.20-0.25_ConsGalerkinProj_OneShot_Long_Second ...
   802 steps; last: RMS dCf 5.218e-07 max 1.445e-06 at x=0.0048; RMS dCp 1.151e-04 max 3.171e-04; min Cf ref -2.7153e-03 @x=0.0014, case -2.7150e-03 @x=0.0014
wrote Figures/RANS/RANS_SST_WD_0.20-0.25_ConsGalerkinProj_OneShot_Long_Second_Cf_Cp.png
RANS_SST_WD_0.20-0.25_ConsGalerkinProj_OneShot_Second ...
   402 steps; last: RMS dCf 4.447e-07 max 1.480e-06 at x=0.0048; RMS dCp 1.304e-04 max 3.648e-04; min Cf ref -2.7153e-03 @x=0.0014, case -2.7151e-03 @x=0.0014
wrote Figures/RANS/RANS_SST_WD_0.20-0.25_ConsGalerkinProj_OneShot_Second_Cf_Cp.png
wrote RANS_PostProcessing/rans_surface_norms.csv
wrote RANS_PostProcessing/rans_surface_profiles.csv
wrote RANS_PostProcessing/rans_surface_forces.csv
wrote Figures/RANS/RANS_SA_SurfaceNorms.png
wrote Figures/RANS/RANS_SA_Drift_DragSplit_Surface.png
wrote Figures/RANS/RANS_SA_OneShot_DragSplit_Surface.png
wrote Figures/RANS/RANS_SST_SurfaceNorms.png
wrote Figures/RANS/RANS_SST_Drift_DragSplit_Surface.png
wrote Figures/RANS/RANS_SST_OneShot_DragSplit_Surface.png
=== Mon Sep 14 00:46:03 CEST 2026 RANS_TurbulenceState.py
RANS_SA_WD_0.01-20_ConsGalerkinProj_Drift_Second ...
   79 steps; fixed nodes 10669 (band 8590, outer 2079), moved 12602; last Eddy_Viscosity rms rel band 1.165e-03 outer 3.043e-04
RANS_SA_WD_0.01-20_ConsGalerkinProj_Drift_Seed2_Second ...
   79 steps; fixed nodes 10669 (band 8590, outer 2079), moved 12602; last Eddy_Viscosity rms rel band 1.416e-03 outer 2.830e-04
RANS_SA_WD_0.01-20_NN_Drift_Second ...
   79 steps; fixed nodes 10669 (band 8590, outer 2079), moved 12602; last Eddy_Viscosity rms rel band 1.036e-03 outer 3.536e-04
RANS_SA_WD_0.01-20_NN_Drift_Seed2_Second ...
   79 steps; fixed nodes 10669 (band 8590, outer 2079), moved 12602; last Eddy_Viscosity rms rel band 8.336e-04 outer 2.263e-04
RANS_SA_WD_0.05-0.10_ConsGalerkinProj_OneShot_Second ...
   79 steps; fixed nodes 22047 (band 8590, outer 13457), moved 1224; last Eddy_Viscosity rms rel band 5.365e-05 outer 1.942e-04
RANS_SA_WD_0.10-0.15_ConsGalerkinProj_OneShot_SF2_Second ...
   79 steps; fixed nodes 22508 (band 8590, outer 13918), moved 763; last Eddy_Viscosity rms rel band 7.054e-05 outer 2.696e-04
RANS_SA_WD_0.10-0.15_ConsGalerkinProj_OneShot_Second ...
   79 steps; fixed nodes 22508 (band 8590, outer 13918), moved 763; last Eddy_Viscosity rms rel band 3.051e-05 outer 1.239e-04
RANS_SA_WD_0.20-0.25_ConsGalerkinProj_OneShot_Long_Second ...
   159 steps; fixed nodes 22877 (band 8590, outer 14287), moved 394; last Eddy_Viscosity rms rel band 4.991e-05 outer 9.296e-05
RANS_SA_WD_0.20-0.25_ConsGalerkinProj_OneShot_Second ...
   79 steps; fixed nodes 22877 (band 8590, outer 14287), moved 394; last Eddy_Viscosity rms rel band 5.514e-05 outer 1.006e-04
RANS_SST_WD_0.01-20_ConsGalerkinProj_Drift_Second ...
   79 steps; fixed nodes 10669 (band 8590, outer 2079), moved 12602; last Eddy_Viscosity rms rel band 3.042e-03 outer 3.378e-04
RANS_SST_WD_0.01-20_ConsGalerkinProj_Drift_Seed2_Second ...
   79 steps; fixed nodes 10669 (band 8590, outer 2079), moved 12602; last Eddy_Viscosity rms rel band 3.601e-03 outer 2.600e-04
RANS_SST_WD_0.01-20_NN_Drift_Second ...
   79 steps; fixed nodes 10669 (band 8590, outer 2079), moved 12602; last Eddy_Viscosity rms rel band 3.069e-03 outer 3.233e-04
RANS_SST_WD_0.01-20_NN_Drift_Seed2_Second ...
   79 steps; fixed nodes 10669 (band 8590, outer 2079), moved 12602; last Eddy_Viscosity rms rel band 2.784e-03 outer 2.370e-04
RANS_SST_WD_0.05-0.10_ConsGalerkinProj_OneShot_Second ...
   79 steps; fixed nodes 22047 (band 8590, outer 13457), moved 1224; last Eddy_Viscosity rms rel band 5.976e-05 outer 4.774e-04
RANS_SST_WD_0.10-0.15_ConsGalerkinProj_OneShot_SF2_Second ...
   79 steps; fixed nodes 22508 (band 8590, outer 13918), moved 763; last Eddy_Viscosity rms rel band 4.937e-05 outer 9.494e-04
RANS_SST_WD_0.10-0.15_ConsGalerkinProj_OneShot_Second ...
   79 steps; fixed nodes 22508 (band 8590, outer 13918), moved 763; last Eddy_Viscosity rms rel band 1.697e-05 outer 4.698e-04
RANS_SST_WD_0.20-0.25_ConsGalerkinProj_OneShot_Long_Second ...
   159 steps; fixed nodes 22877 (band 8590, outer 14287), moved 394; last Eddy_Viscosity rms rel band 4.939e-05 outer 2.326e-04
RANS_SST_WD_0.20-0.25_ConsGalerkinProj_OneShot_Second ...
   79 steps; fixed nodes 22877 (band 8590, outer 14287), moved 394; last Eddy_Viscosity rms rel band 5.082e-05 outer 3.471e-04
wrote RANS_PostProcessing/rans_transfer_integrals.csv
wrote RANS_PostProcessing/rans_turb_state_norms_SA.csv
wrote Figures/RANS/RANS_SA_TurbState.png
wrote Figures/RANS/RANS_SA_TransferIntegrals.png
wrote RANS_PostProcessing/rans_turb_state_norms_SST.csv
wrote Figures/RANS/RANS_SST_TurbState.png
wrote Figures/RANS/RANS_SST_TransferIntegrals.png
=== Mon Sep 14 00:48:53 CEST 2026 RANS_PressureProbe.py

=== RANS_SA_WD_0.05-0.10_ConsGalerkinProj_OneShot_Second ===
launch annulus 0.05-0.10 chords; probing Pressure inside it
      r  nodes  travel  predicted     2%     5%    10%    25%    50%    75%
  0.005   3139   0.045          0      0      0      0      0      0      0
  0.010   1118   0.040          0      0      0      0      0      0      0
  0.020    577   0.030          0      0      0      0      0      0      0
  0.040    329   0.010          0      0      0      0      0      0      0

fit  lag = S * (d - r) + b     S = 1/(a*dt) predicted 3
                 ---- all shells ----       ---- travel >= 0.08 ----
  thresh        S     R^2   speed S/pred          S     R^2   speed S/pred
      2%        0     nan     nan  0.00                                 
      5%        0     nan     nan  0.00                                 
     10%        0     nan     nan  0.00                                 
     25%        0     nan     nan  0.00                                 
     50%        0     nan     nan  0.00                                 
     75%        0     nan     nan  0.00                                 
   (reference sound speed a = 1.0; "speed" is in chords per time-unit)

=== RANS_SA_WD_0.10-0.15_ConsGalerkinProj_OneShot_SF2_Second ===
launch annulus 0.10-0.15 chords; probing Pressure inside it
      r  nodes  travel  predicted     2%     5%    10%    25%    50%    75%
  0.005   3139   0.095          0      0      0      0      1      4      6
  0.010   1118   0.090          0      0      0      0      0      3      5
  0.020    577   0.080          0      0      0      0      0      1      4
  0.040    329   0.060          0      0      0      0      0      0      1
  0.060    258   0.040          0      0      0      0      0      0      0
  0.080    201   0.020          0      0      0      0      0      0      0

fit  lag = S * (d - r) + b     S = 1/(a*dt) predicted 3
                 ---- all shells ----       ---- travel >= 0.08 ----
  thresh        S     R^2   speed S/pred          S     R^2   speed S/pred
      2%        0     nan     nan  0.00          0     nan     nan  0.00
      5%        0     nan     nan  0.00          0     nan     nan  0.00
     10%        0     nan     nan  0.00          0     nan     nan  0.00
     25%        7  0.2581   0.413  2.42         57  0.5714   0.050 19.84
     50%       49  0.6925   0.059 17.02        200  1.0000   0.014 69.44
     75%       84  0.8923   0.034 29.32        129  0.9643   0.022 44.64
   (reference sound speed a = 1.0; "speed" is in chords per time-unit)

=== RANS_SA_WD_0.10-0.15_ConsGalerkinProj_OneShot_Second ===
launch annulus 0.10-0.15 chords; probing Pressure inside it
      r  nodes  travel  predicted     2%     5%    10%    25%    50%    75%
  0.005   3139   0.095          0      0      0      0      0      4      6
  0.010   1118   0.090          0      0      0      0      0      1      5
  0.020    577   0.080          0      0      0      0      0      0      1
  0.040    329   0.060          0      0      0      0      0      0      1
  0.060    258   0.040          0      0      0      0      0      0      0
  0.080    201   0.020          0      0      0      0      0      0      0

fit  lag = S * (d - r) + b     S = 1/(a*dt) predicted 3
                 ---- all shells ----       ---- travel >= 0.08 ----
  thresh        S     R^2   speed S/pred          S     R^2   speed S/pred
      2%        0     nan     nan  0.00          0     nan     nan  0.00
      5%        0     nan     nan  0.00          0     nan     nan  0.00
     10%        0     nan     nan  0.00          0     nan     nan  0.00
     25%        0     nan     nan  0.00          0     nan     nan  0.00
     50%       34  0.3922   0.085 11.72        243  0.7940   0.012 84.33
     75%       74  0.6894   0.039 25.59        343  0.9796   0.008 119.05
   (reference sound speed a = 1.0; "speed" is in chords per time-unit)

=== RANS_SA_WD_0.20-0.25_ConsGalerkinProj_OneShot_Long_Second ===
launch annulus 0.20-0.25 chords; probing Pressure inside it
      r  nodes  travel  predicted     2%     5%    10%    25%    50%    75%
  0.005   3139   0.195          1      0      0      0      4      7      8
  0.010   1118   0.190          1      0      0      0      4      7      9
  0.020    577   0.180          1      0      0      0      1      7      8
  0.040    329   0.160          0      0      0      0      0      1      7
  0.060    258   0.140          0      0      0      0      0      0      1
  0.080    201   0.120          0      0      0      0      0      0      1
  0.100    116   0.100          0      0      0      0      0      0      0
  0.130    137   0.070          0      0      0      0      0      0      1
  0.160     88   0.040          0      0      0      0      0      0      1
  0.180     66   0.020          0      0      0      0      0      0      0

fit  lag = S * (d - r) + b     S = 1/(a*dt) predicted 3
                 ---- all shells ----       ---- travel >= 0.08 ----
  thresh        S     R^2   speed S/pred          S     R^2   speed S/pred
      2%        0     nan     nan  0.00          0     nan     nan  0.00
      5%        0     nan     nan  0.00          0     nan     nan  0.00
     10%        0     nan     nan  0.00          0     nan     nan  0.00
     25%       18  0.4453   0.163  6.14         41  0.6200   0.070 14.19
     50%       41  0.5897   0.071 14.14         89  0.7928   0.032 30.79
     75%       52  0.7113   0.056 17.91        103  0.8916   0.028 35.81
   (reference sound speed a = 1.0; "speed" is in chords per time-unit)

=== RANS_SA_WD_0.20-0.25_ConsGalerkinProj_OneShot_Second ===
launch annulus 0.20-0.25 chords; probing Pressure inside it
      r  nodes  travel  predicted     2%     5%    10%    25%    50%    75%
  0.005   3139   0.195          1      0      0      0      4      8     10
  0.010   1118   0.190          1      0      0      0      1      7      9
  0.020    577   0.180          1      0      0      0      0      6      8
  0.040    329   0.160          0      0      0      0      0      0      1
  0.060    258   0.140          0      0      0      0      0      0      0
  0.080    201   0.120          0      0      0      0      0      0      0
  0.100    116   0.100          0      0      0      0      0      0      0
  0.130    137   0.070          0      0      0      0      0      0      1
  0.160     88   0.040          0      0      0      0      0      0      1
  0.180     66   0.020          0      0      0      0      0      0      0

fit  lag = S * (d - r) + b     S = 1/(a*dt) predicted 3
                 ---- all shells ----       ---- travel >= 0.08 ----
  thresh        S     R^2   speed S/pred          S     R^2   speed S/pred
      2%        0     nan     nan  0.00          0     nan     nan  0.00
      5%        0     nan     nan  0.00          0     nan     nan  0.00
     10%        0     nan     nan  0.00          0     nan     nan  0.00
     25%       10  0.2560   0.281  3.56         25  0.3562   0.117  8.52
     50%       40  0.5418   0.072 13.91         90  0.7477   0.032 31.23
     75%       49  0.5320   0.059 16.92        116  0.7945   0.025 40.18
   (reference sound speed a = 1.0; "speed" is in chords per time-unit)

wrote Figures/RANS/RANS_SA_PressureProbe_Pressure.png

=== RANS_SST_WD_0.05-0.10_ConsGalerkinProj_OneShot_Second ===
launch annulus 0.05-0.10 chords; probing Pressure inside it
      r  nodes  travel  predicted     2%     5%    10%    25%    50%    75%
  0.005   3139   0.045          0      0      0      0      0      0      0
  0.010   1118   0.040          0      0      0      0      0      0      0
  0.020    577   0.030          0      0      0      0      0      0      0
  0.040    329   0.010          0      0      0      0      0      0      0

fit  lag = S * (d - r) + b     S = 1/(a*dt) predicted 3
                 ---- all shells ----       ---- travel >= 0.08 ----
  thresh        S     R^2   speed S/pred          S     R^2   speed S/pred
      2%        0     nan     nan  0.00                                 
      5%        0     nan     nan  0.00                                 
RANS_PressureProbe.py:295: RuntimeWarning: divide by zero encountered in scalar divide
  label=f'd={res["d"]:.2f}, {int(t*100)}% of peak: '
     10%        0     nan     nan  0.00                                 
     25%        0     nan     nan  0.00                                 
     50%        0     nan     nan  0.00                                 
     75%        0     nan     nan  0.00                                 
   (reference sound speed a = 1.0; "speed" is in chords per time-unit)

=== RANS_SST_WD_0.10-0.15_ConsGalerkinProj_OneShot_SF2_Second ===
launch annulus 0.10-0.15 chords; probing Pressure inside it
      r  nodes  travel  predicted     2%     5%    10%    25%    50%    75%
  0.005   3139   0.095          0      0      0      0      1      4      6
  0.010   1118   0.090          0      0      0      0      0      3      5
  0.020    577   0.080          0      0      0      0      0      1      4
  0.040    329   0.060          0      0      0      0      0      0      1
  0.060    258   0.040          0      0      0      0      0      0      0
  0.080    201   0.020          0      0      0      0      0      0      0

fit  lag = S * (d - r) + b     S = 1/(a*dt) predicted 3
                 ---- all shells ----       ---- travel >= 0.08 ----
  thresh        S     R^2   speed S/pred          S     R^2   speed S/pred
      2%        0     nan     nan  0.00          0     nan     nan  0.00
      5%        0     nan     nan  0.00          0     nan     nan  0.00
     10%        0     nan     nan  0.00          0     nan     nan  0.00
     25%        7  0.2581   0.413  2.42         57  0.5714   0.050 19.84
     50%       49  0.6925   0.059 17.02        200  1.0000   0.014 69.44
     75%       84  0.8923   0.034 29.32        129  0.9643   0.022 44.64
   (reference sound speed a = 1.0; "speed" is in chords per time-unit)

=== RANS_SST_WD_0.10-0.15_ConsGalerkinProj_OneShot_Second ===
launch annulus 0.10-0.15 chords; probing Pressure inside it
      r  nodes  travel  predicted     2%     5%    10%    25%    50%    75%
  0.005   3139   0.095          0      0      0      0      0      4      6
  0.010   1118   0.090          0      0      0      0      0      1      5
  0.020    577   0.080          0      0      0      0      0      0      1
  0.040    329   0.060          0      0      0      0      0      0      1
  0.060    258   0.040          0      0      0      0      0      0      0
  0.080    201   0.020          0      0      0      0      0      0      0

fit  lag = S * (d - r) + b     S = 1/(a*dt) predicted 3
                 ---- all shells ----       ---- travel >= 0.08 ----
  thresh        S     R^2   speed S/pred          S     R^2   speed S/pred
      2%        0     nan     nan  0.00          0     nan     nan  0.00
      5%        0     nan     nan  0.00          0     nan     nan  0.00
     10%        0     nan     nan  0.00          0     nan     nan  0.00
     25%        0     nan     nan  0.00          0     nan     nan  0.00
     50%       34  0.3922   0.085 11.72        243  0.7940   0.012 84.33
     75%       74  0.6894   0.039 25.59        343  0.9796   0.008 119.05
   (reference sound speed a = 1.0; "speed" is in chords per time-unit)

=== RANS_SST_WD_0.20-0.25_ConsGalerkinProj_OneShot_Long_Second ===
launch annulus 0.20-0.25 chords; probing Pressure inside it
      r  nodes  travel  predicted     2%     5%    10%    25%    50%    75%
  0.005   3139   0.195          1      0      0      0      4      6      8
  0.010   1118   0.190          1      0      0      0      4      7      8
  0.020    577   0.180          1      0      0      0      3      6      8
  0.040    329   0.160          0      0      0      0      0      4      7
  0.060    258   0.140          0      0      0      0      0      0      1
  0.080    201   0.120          0      0      0      0      0      0      1
  0.100    116   0.100          0      0      0      0      0      0      0
  0.130    137   0.070          0      0      0      0      0      0      1
  0.160     88   0.040          0      0      0      0      0      0      1
  0.180     66   0.020          0      0      0      0      0      0      0

fit  lag = S * (d - r) + b     S = 1/(a*dt) predicted 3
                 ---- all shells ----       ---- travel >= 0.08 ----
  thresh        S     R^2   speed S/pred          S     R^2   speed S/pred
      2%        0     nan     nan  0.00          0     nan     nan  0.00
      5%        0     nan     nan  0.00          0     nan     nan  0.00
     10%        0     nan     nan  0.00          0     nan     nan  0.00
     25%       21  0.5403   0.137  7.29         47  0.7459   0.061 16.38
     50%       40  0.6825   0.072 13.98         82  0.8785   0.035 28.61
     75%       50  0.7122   0.058 17.24         99  0.8866   0.029 34.29
   (reference sound speed a = 1.0; "speed" is in chords per time-unit)

=== RANS_SST_WD_0.20-0.25_ConsGalerkinProj_OneShot_Second ===
launch annulus 0.20-0.25 chords; probing Pressure inside it
      r  nodes  travel  predicted     2%     5%    10%    25%    50%    75%
  0.005   3139   0.195          1      0      0      0      5      8      9
  0.010   1118   0.190          1      0      0      0      1      7      9
  0.020    577   0.180          1      0      0      0      0      6      8
  0.040    329   0.160          0      0      0      0      0      0      1
  0.060    258   0.140          0      0      0      0      0      0      0
  0.080    201   0.120          0      0      0      0      0      0      0
  0.100    116   0.100          0      0      0      0      0      0      0
  0.130    137   0.070          0      0      0      0      0      0      1
  0.160     88   0.040          0      0      0      0      0      0      0
  0.180     66   0.020          0      0      0      0      0      0      0

fit  lag = S * (d - r) + b     S = 1/(a*dt) predicted 3
                 ---- all shells ----       ---- travel >= 0.08 ----
  thresh        S     R^2   speed S/pred          S     R^2   speed S/pred
      2%        0     nan     nan  0.00          0     nan     nan  0.00
      5%        0     nan     nan  0.00          0     nan     nan  0.00
     10%        0     nan     nan  0.00          0     nan     nan  0.00
     25%       12  0.2397   0.234  4.28         30  0.3331   0.097 10.26
     50%       40  0.5418   0.072 13.91         90  0.7477   0.032 31.23
     75%       49  0.5671   0.059 17.00        111  0.7929   0.026 38.43
   (reference sound speed a = 1.0; "speed" is in chords per time-unit)

wrote Figures/RANS/RANS_SST_PressureProbe_Pressure.png
wrote RANS_PostProcessing/rans_pressure_probe.csv
=== Mon Sep 14 00:53:46 CEST 2026 RANS_DeformedReference.py
SA steady on moved grid: iter 19999  dCL +6.912e-04  dCDp +1.040e-04  dCDv +1.000e-06  dCMz +1.834e-04
SA unsteady on moved grid, steps 100..399: mean dCL +7.002e-04  dCD +1.059e-04
SST steady on moved grid: iter 19999  dCL +6.249e-04  dCDp +8.800e-05  dCDv -1.000e-06  dCMz +1.852e-04
SST unsteady on moved grid, steps 100..399: mean dCL +6.169e-04  dCD +8.574e-05
wrote RANS_PostProcessing/rans_deformed_reference.csv
wrote RANS_PostProcessing/rans_deformed_surface.csv
wrote Figures/RANS/RANS_SA_DeformedReference.png
wrote Figures/RANS/RANS_SST_DeformedReference.png
=== Mon Sep 14 00:53:53 CEST 2026 RANS_Provenance.py
wrote RANS_PostProcessing/rans_runtime_units.csv
wrote RANS_PostProcessing/rans_code_provenance.csv
wrote RANS_PostProcessing/rans_mesh_replay.csv
mesh replay: 40 events, all identical across 4 seed-1 drift cases: True
wrote RANS_PostProcessing/rans_inner_convergence.csv
wrote RANS_PostProcessing/rans_protected_region.csv
wrote RANS_PostProcessing/rans_protected_summary.csv
wrote RANS_PostProcessing/rans_mesh_quality.csv
=== Mon Sep 14 00:54:44 CEST 2026 RANS_WriteReportData.py
wrote RANS_PostProcessing/NACA0012_RANS_DATA_SECTION.md
updated NACA0012_STUDY_REPORT.md
=== Mon Sep 14 00:55:00 CEST 2026 done
